<div class="banner">
  <div>
    <div>
      <h2>This is a title</h2>
      <p><a class="button" href="https://www.example.com">This is a link</a></p>
    </div>
  </div>
</div>